// Jest Snapshot v1, https://goo.gl/fbAQLP

exports[`FilmInfoPage snapshot 1`] = `
Array [
  <div
    className="jsx-1209675933 film-full-info-container"
  >
    <div
      className="jsx-1209675933 film-full-info-header-row"
    >
      <div
        className="jsx-2852891300"
      >
        <span
          className="jsx-2852891300"
        >
          netflixroulette
        </span>
      </div>
      <button
        className="jsx-1209675933"
        onClick={[Function]}
      >
        Search
      </button>
    </div>
    <div
      className="jsx-1209675933 film-full-info"
    >
      <div
        className="jsx-1209675933 film-image"
      >
        <img
          alt="film"
          className="jsx-1209675933"
          src="poster_path"
        />
      </div>
      <div
        className="jsx-1209675933 film-info"
      >
        <h1
          className="jsx-1209675933"
        >
          film
        </h1>
        <div
          className="jsx-1209675933 release-and-rating"
        >
          <span
            className="jsx-1209675933"
          >
            2018
          </span>
          <span
            className="jsx-1209675933"
          />
        </div>
        <span
          className="jsx-1209675933"
        />
      </div>
    </div>
  </div>,
  <div
    className="jsx-4002406560"
  >
    <span
      className="jsx-4002406560"
    >
      Films by 
      action
       genre
    </span>
  </div>,
  <div
    className="jsx-1758079044 films-table"
  >
    <div
      className="jsx-2546762946 film-info-container"
      onClick={[Function]}
    >
      <img
        alt="film1"
        className="jsx-2994430438"
        src="poster_path1"
      />
      <div
        className="jsx-2546762946 title-and-date"
      >
        <div
          className="jsx-433743616"
        >
          <span
            className="jsx-433743616"
          >
            film1
          </span>
        </div>
        <div
          className="jsx-617062702"
        >
          <span
            className="jsx-617062702"
          >
            2018
          </span>
        </div>
      </div>
      <div
        className="jsx-672986837"
      >
        <span
          className="jsx-672986837"
        >
          action
        </span>
      </div>
    </div>
    <div
      className="jsx-2546762946 film-info-container"
      onClick={[Function]}
    >
      <img
        alt="film2"
        className="jsx-2994430438"
        src="poster_path2"
      />
      <div
        className="jsx-2546762946 title-and-date"
      >
        <div
          className="jsx-433743616"
        >
          <span
            className="jsx-433743616"
          >
            film2
          </span>
        </div>
        <div
          className="jsx-617062702"
        >
          <span
            className="jsx-617062702"
          >
            2018
          </span>
        </div>
      </div>
      <div
        className="jsx-672986837"
      >
        <span
          className="jsx-672986837"
        >
          action
        </span>
      </div>
    </div>
  </div>,
  <div
    className="jsx-429413428"
  >
    <div
      className="jsx-2852891300"
    >
      <span
        className="jsx-2852891300"
      >
        netflixroulette
      </span>
    </div>
  </div>,
]
`;
