// Jest Snapshot v1, https://goo.gl/fbAQLP

exports[`Logo snapshot 1`] = `
<div
  className="jsx-2852891300"
>
  <span
    className="jsx-2852891300"
  >
    netflixroulette
  </span>
</div>
`;
