// Jest Snapshot v1, https://goo.gl/fbAQLP

exports[`NoData snapshot 1`] = `
<div>
  <h1>
    No Films Found
  </h1>
</div>
`;
