// Jest Snapshot v1, https://goo.gl/fbAQLP

exports[`ResultsCount snapshot 1`] = `
<div>
  <span>
    12
     movies found
  </span>
</div>
`;
