// Jest Snapshot v1, https://goo.gl/fbAQLP

exports[`ErrorBoundary snapshot 1`] = `
<h2>
  rendered
</h2>
`;
