// Jest Snapshot v1, https://goo.gl/fbAQLP

exports[`ResultsInfoPanel snapshot 1`] = `
<div
  className="jsx-1938216586"
>
  ResultsCount
  ResultsSort
</div>
`;
